[dotenv@17.2.3] injecting env (48) from .env.local -- tip: 👥 sync secrets across teammates & machines: https://dotenvx.com/ops
[1m🧪 ═══════════════════════════════════════════════════════[0m
[1m🧪   TEST LOCAL - ENDPOINT GENERATE-SMART (LOCALHOST)     [0m
[1m🧪 ═══════════════════════════════════════════════════════[0m

━━━━━━━━━━━━━━━━━━━━━━━━━━━━━━━━━━━━━━━━━━━━━━━━━━━━━━━━━━━━━━━━━━━━━━━━━━━━━━━━

[1m🔍 DETECTANDO PUERTO DEL SERVIDOR LOCAL[0m

━━━━━━━━━━━━━━━━━━━━━━━━━━━━━━━━━━━━━━━━━━━━━━━━━━━━━━━━━━━━━━━━━━━━━━━━━━━━━━━━

Probando puerto 3000...
[32m✅ Servidor encontrado en puerto 3000[0m

━━━━━━━━━━━━━━━━━━━━━━━━━━━━━━━━━━━━━━━━━━━━━━━━━━━━━━━━━━━━━━━━━━━━━━━━━━━━━━━━

[1m🎬 GENERANDO VIDEO EN LOCAL[0m

━━━━━━━━━━━━━━━━━━━━━━━━━━━━━━━━━━━━━━━━━━━━━━━━━━━━━━━━━━━━━━━━━━━━━━━━━━━━━━━━

Payload:
{
  "contentId": "test-local-1767080153543",
  "caption": "Hola! Hoy te explico las tres claves del marketing digital.",
  "duration": 10,
  "video_type": "talking_head",
  "objective": "natural_gestures",
  "budget_priority": "medium",
  "has_audio": true
}

URL: http://localhost:3000/api/video/generate-smart

Status: 500 Internal Server Error


━━━━━━━━━━━━━━━━━━━━━━━━━━━━━━━━━━━━━━━━━━━━━━━━━━━━━━━━━━━━━━━━━━━━━━━━━━━━━━━━

[33m⚠️  RESPUESTA NO ESPERADA[0m

━━━━━━━━━━━━━━━━━━━━━━━━━━━━━━━━━━━━━━━━━━━━━━━━━━━━━━━━━━━━━━━━━━━━━━━━━━━━━━━━

Response completo:
{
  "success": false,
  "error": "No se recibió taskId de Kie.ai. Response: {\"code\":200,\"msg\":\"success\",\"data\":{\"taskId\":\"3f6eba449ab4f320a802af4c448a183d\",\"recordId\":\"3f6eba449ab4f320a802af4c448a183d\"}}",
  "details": "Error: No se recibió taskId de Kie.ai. Response: {\"code\":200,\"msg\":\"success\",\"data\":{\"taskId\":\"3f6eba449ab4f320a802af4c448a183d\",\"recordId\":\"3f6eba449ab4f320a802af4c448a183d\"}}"
}

Error: No se recibió taskId de Kie.ai. Response: {"code":200,"msg":"success","data":{"taskId":"3f6eba449ab4f320a802af4c448a183d","recordId":"3f6eba449ab4f320a802af4c448a183d"}}

━━━━━━━━━━━━━━━━━━━━━━━━━━━━━━━━━━━━━━━━━━━━━━━━━━━━━━━━━━━━━━━━━━━━━━━━━━━━━━━━

